MAP
    NAME "New_York_City"
    SHAPEPATH "/var/lib/maps/src/nyc_data"
    IMAGECOLOR 255 255 255
    FONTSET "/var/lib/maps/src/nyc_data/fonts.txt"
    CONFIG "PROJ_LIB" "/home/tim/geowarper/warper/lib/proj"

    PROJECTION "init=epsg:900913" END

    EXTENT -74.2572 40.496 -73.6992 40.9158
    WEB
        METADATA
            "wms_title"           "WMS Demo Server"
            "wms_srs"             "EPSG:4269 EPSG:4326 EPSG:900913"
            "labelcache_map_edge_buffer" "-20"
        END
    END
    OUTPUTFORMAT
        NAME "png8"
        DRIVER "GD/PNG"
        EXTENSION "png"
        MIMETYPE "image/png"
        IMAGEMODE RGBA
        TRANSPARENT ON
        FORMATOPTION "QUANTIZE_FORCE=ON"
        FORMATOPTION "QUANTIZE_DITHER=ON"
        FORMATOPTION "QUANTIZE_COLORS=250"
        FORMATOPTION "INTERLACE=OFF"
    END
    LAYER
        NAME "Borough_Boundaries"
        GROUP "NYC"
        METADATA
            "wms_title" "Borough Boundaries"
            "wms_group_title" "New York City"
        END
        PROJECTION "init=epsg:2263" END
        TYPE POLYGON
        STATUS ON
        DATA "nybb"
        TRANSPARENCY ALPHA
	CLASSITEM 'BoroCode'
        CLASS
            STYLE
                #OUTLINECOLOR 213 213 213
		COLOR 225 225 225
            END
            STYLE
                OUTLINECOLOR 100 100 100
                WIDTH 2
                ANTIALIAS TRUE
            END
        END 
    END
    LAYER
        NAME "Buildings"
        GROUP "NYC"
        METADATA "wms_title" "Buildings" END
        PROJECTION "init=epsg:2263" END
        TYPE POLYGON
        STATUS ON
TRANSPARENCY ALPHA

        DATA "buildings_061305"
        OPACITY 63
        MAXSCALE 7500
        CLASS
            STYLE
                COLOR 153 153 153
            END
            STYLE
                OUTLINECOLOR 0 0 0
                WIDTH 1
                ANTIALIAS TRUE
            END
        END 
    END
    LAYER
        NAME "Transportation_Line"
        GROUP "NYC"
        METADATA "wms_title" "Transportation Line" END
        PROJECTION "init=epsg:2263" END
        TYPE LINE
        STATUS ON
        DATA "transportation_line"
        TRANSPARENCY ALPHA
        MAXSCALE 7500
        CLASS
            STYLE
                COLOR 192 192 192
                WIDTH 2
                ANTIALIAS TRUE
            END
        END 
    END
    LAYER
        NAME "Street_Centerline"
        GROUP "NYC"
        METADATA "wms_title" "Street Centerline" END
        PROJECTION "init=epsg:2263" END
        TYPE LINE
        STATUS ON
        DATA "street_centerline"
        TRANSPARENCY ALPHA
        MAXSCALE 30000
        LABELITEM "NAME"

    	CLASSITEM 'FEAT_CODE'

	
	 	
    CLASS #concrete boardwalk
      NAME 'FEAT_CODE = 2245' 
      EXPRESSION '2245' 
      STYLE
        SYMBOL 0
        SIZE 2 
         OUTLINECOLOR 104 73 108
         COLOR 0 0 0
       END
    END
    CLASS #wooden boardwalk
      NAME 'FEAT_CODE = 2255' 
      EXPRESSION '2255' 
      STYLE
        SYMBOL 0
        SIZE 2 
         OUTLINECOLOR 31 202 172
         COLOR 0 0 0
       END
    END
    CLASS #park path
      NAME 'FEAT_CODE = 2265' 
      EXPRESSION '2265'
      STYLE
         WIDTH 2
         COLOR 51 102 0 
       	 ANTIALIAS TRUE
      END

    END
    CLASS #bike pedestrian path
      NAME 'FEAT_CODE = 2275' 
      EXPRESSION '2275'
      STYLE
         WIDTH 2
         COLOR 10 102 0 
       	 ANTIALIAS TRUE
      END
    END
    CLASS
	#paved road
      NAME 'FEAT_CODE = 2900' 
      EXPRESSION '2900' 
      STYLE
         WIDTH 6
         COLOR 255 153 0
       	 ANTIALIAS TRUE
      END
	  LABEL
               	COLOR  128 128 128
               	OUTLINECOLOR 255 255 255     
           	FONT "DejaVuSans"
           	TYPE truetype
           	BUFFER 25
              	SIZE 7
              	ANGLE FOLLOW
             	POSITION AUTO      
             	PARTIALS FALSE
      	    END

    END
    CLASS #hidden paved rd
      NAME 'FEAT_CODE = 2901' 
      EXPRESSION '2901' 
      STYLE
         WIDTH 6
	COLOR 153 102 0
        # COLOR 255 153 0
       	 ANTIALIAS TRUE
      END
    END
    CLASS #unpaved road
      NAME 'FEAT_CODE = 2910' 
      EXPRESSION '2910'
      STYLE
         WIDTH 6
         COLOR 255 153 0
       	 ANTIALIAS TRUE
      END
    END
    CLASS #hideen unpaved rd
      NAME 'FEAT_CODE = 2911' 
      EXPRESSION '2911'
      STYLE
         WIDTH 6
         COLOR 153 102 0
       	 ANTIALIAS TRUE
      END
    END
    CLASS #alley
      NAME 'FEAT_CODE = 2920' 
      EXPRESSION '2920' 
     STYLE
         WIDTH 1
         COLOR 255 123 0
       	 ANTIALIAS TRUE
      END

    END
    CLASS #hidden alley
      NAME 'FEAT_CODE = 2921' 
      EXPRESSION '2921' 
      STYLE
        SYMBOL 0
        SIZE 2 
         OUTLINECOLOR 75 59 237
         COLOR 0 0 0
       END
    END
              #  ANTIALIAS TRUE
                   
    END
END
