MAP
    NAME "USGS_Ortho_Imagery"
    SIZE 256 256
    EXTENT -168.67 17.84 -65.15 71.55
    IMAGETYPE png

    OUTPUTFORMAT
      NAME jpg
      DRIVER "GD/JPEG"
      MIMETYPE "image/jpeg"
      IMAGEMODE RGB
      EXTENSION "jpg"
      FORMATOPTION "QUALITY=90"
    END
 
    OUTPUTFORMAT
      NAME png
      DRIVER "GD/PNG"
      MIMETYPE "image/png"
      IMAGEMODE RGB
      EXTENSION "png"
      FORMATOPTION "INTERLACE=OFF"
    END
    
    CONFIG "PROJ_LIB" "/var/www/apps/warper/lib/proj"
    PROJECTION "init=epsg:900913" END
    
    WEB
      IMAGEPATH "/tmp/"
      METADATA
        "wms_title" "USGS Ortho Imagery"
        "wms_srs" "EPSG:4326 EPSG:900913"
      END
    END

    LAYER
      NAME "DOQ"
      PROJECTION "init=epsg:4326" END
      TYPE RASTER
      STATUS ON
      GROUP "ortho"
      CONNECTION "http://terraservice.net/ogcmap.ashx?"
      CONNECTIONTYPE WMS
      MINSCALE 5000
      MAXSCALE 20000000
      METADATA
        "wms_srs"             "EPSG:4326"
        "wms_name"            "DOQ"
        "wms_title"           "B&W DOQQ"
        "wms_server_version"  "1.1.1"
        "wms_format"          "image/jpeg"
        "wms_latlonboundingbox" "-168.67 17.84 -65.15 71.55"
      END
    END
    LAYER
      NAME "Urban_Areas"
      PROJECTION "init=epsg:4326" END
      TYPE RASTER
      OFFSITE 255 255 255
      STATUS OFF # disabled because this WMS has horrible collaring issues
      GROUP "ortho"
      CONNECTION "http://terraservice.net/ogcmap.ashx?"
      CONNECTIONTYPE WMS
      MINSCALE 250
      MAXSCALE 2000000
      METADATA
        "wms_srs"             "EPSG:4326"
        "wms_name"            "UrbanArea"
        "wms_title"           "USGS Urban Areas DOQQ"
        "wms_server_version"  "1.1.1"
        "wms_format"          "image/jpeg"
        "wms_latlonboundingbox" "-168.67 17.84 -65.15 71.55"
      END
    END
    LAYER
      NAME "NYC_2006"
      PROJECTION "init=epsg:4326" END
      TYPE RASTER
      STATUS ON
      GROUP "ortho"
      CONNECTION "http://imsortho.cr.usgs.gov:80/wmsconnector/com.esri.wms.Esrimap/USGS_EDC_Ortho_NewYork?"
      CONNECTIONTYPE WMS
      MINSCALE 250
      MAXSCALE 2000000
      METADATA
        "wms_srs"             "EPSG:4326"
        "wms_name"            "NewYorkCity_2.0ft_Color_Mar_2006"
        "wms_title"           "New York City 2ft Color 2006"
        "wms_group_title"     "USGS Ortho Photos"
        "wms_server_version"  "1.1.1"
        "wms_format"          "image/png"
        "wms_exceptions_format" "application/vnd.ogc.se_xml"
        "wms_latlonboundingbox" "-74.2686708186 40.4819087382 -73.6897171908 40.9214824161"
      END
    END
END
